// Jest Snapshot v1, https://goo.gl/fbAQLP

exports[`<Main /> Renders correctly 1`] = `"<div class=\\"mainContainer\\"><div class=\\"mainContainer\\"><div class=\\"mapContainer\\"><div class=\\"column undefined\\"><div class=\\"row undefined\\"><div class=\\"tile\\" style=\\"background-color: white; width: 80px; height: 80px;\\"></div><div class=\\"tile\\" style=\\"background-color: white; width: 80px; height: 80px;\\"></div><div class=\\"tile\\" style=\\"background-color: white; width: 80px; height: 80px;\\"></div><div class=\\"tile\\" style=\\"background-color: white; width: 80px; height: 80px;\\"></div><div class=\\"tile\\" style=\\"background-color: white; width: 80px; height: 80px;\\"></div></div><div class=\\"row undefined\\"><div class=\\"tile\\" style=\\"background-color: rgb(173, 173, 173); width: 80px; height: 80px;\\"></div><div class=\\"tile\\" style=\\"background-color: rgb(173, 173, 173); width: 80px; height: 80px;\\"></div><div class=\\"tile\\" style=\\"background-color: white; width: 80px; height: 80px;\\"></div><div class=\\"tile\\" style=\\"background-color: rgb(173, 173, 173); width: 80px; height: 80px;\\"></div><div class=\\"tile\\" style=\\"background-color: rgb(173, 173, 173); width: 80px; height: 80px;\\"></div></div><div class=\\"row undefined\\"><div class=\\"tile\\" style=\\"background-color: rgb(173, 173, 173); width: 80px; height: 80px;\\"></div><div class=\\"tile\\" style=\\"background-color: rgb(173, 173, 173); width: 80px; height: 80px;\\"></div><div class=\\"tile\\" style=\\"background-color: white; width: 80px; height: 80px;\\"></div><div class=\\"tile\\" style=\\"background-color: rgb(173, 173, 173); width: 80px; height: 80px;\\"></div><div class=\\"tile\\" style=\\"background-color: rgb(173, 173, 173); width: 80px; height: 80px;\\"></div></div><div class=\\"row undefined\\"><div class=\\"tile\\" style=\\"background-color: white; width: 80px; height: 80px;\\"></div><div class=\\"tile\\" style=\\"background-color: white; width: 80px; height: 80px;\\"></div><div class=\\"tile\\" style=\\"background-color: white; width: 80px; height: 80px;\\"></div><div class=\\"tile\\" style=\\"background-color: rgb(173, 173, 173); width: 80px; height: 80px;\\"></div><div class=\\"tile\\" style=\\"background-color: rgb(173, 173, 173); width: 80px; height: 80px;\\"></div></div><div class=\\"row undefined\\"><div class=\\"tile\\" style=\\"background-color: rgb(173, 173, 173); width: 80px; height: 80px;\\"></div><div class=\\"tile\\" style=\\"background-color: rgb(173, 173, 173); width: 80px; height: 80px;\\"></div><div class=\\"tile\\" style=\\"background-color: white; width: 80px; height: 80px;\\"></div><div class=\\"tile\\" style=\\"background-color: white; width: 80px; height: 80px;\\"></div><div class=\\"tile\\" style=\\"background-color: white; width: 80px; height: 80px;\\"></div></div></div><div class=\\"mapEntity undefined\\" style=\\"width: 80px; height: 80px; left: 320px; top: 320px;\\"><img class=\\"finishTile\\" src=\\"\\"></div><div class=\\"mapEntity undefined\\" style=\\"width: 80px; height: 80px; left: 0px; top: 0px;\\"><img class=\\"player\\" src=\\"\\"></div></div>Moves left: 8</div></div>"`;
